// Jest Snapshot v1, https://goo.gl/fbAQLP

exports[`SearchInput Component renders complete search input structure 1`] = `
<div
  class="relative"
>
  <svg
    class="h-4 w-4 absolute top-3 left-3 text-slate-600"
    fill="none"
    height="24"
    stroke="currentColor"
    stroke-linecap="round"
    stroke-linejoin="round"
    stroke-width="2"
    viewBox="0 0 24 24"
    width="24"
    xmlns="http://www.w3.org/2000/svg"
  >
    <circle
      cx="11"
      cy="11"
      r="8"
    />
    <path
      d="m21 21-4.3-4.3"
    />
  </svg>
  <input
    class="flex h-10 border border-input px-3 py-2 text-sm ring-offset-background file:border-0 file:bg-transparent file:text-sm file:font-medium placeholder:text-muted-foreground focus-visible:outline-none focus-visible:ring-2 focus-visible:ring-offset-2 disabled:cursor-not-allowed disabled:opacity-50 w-full md:w-[300px] pl-9 rounded-full bg-slate-100 focus-visible:ring-slate-200"
    placeholder="Search for a course"
    value=""
  />
</div>
`;

exports[`SearchInput Component renders container with relative positioning 1`] = `
<div
  class="relative"
>
  <svg
    class="h-4 w-4 absolute top-3 left-3 text-slate-600"
    fill="none"
    height="24"
    stroke="currentColor"
    stroke-linecap="round"
    stroke-linejoin="round"
    stroke-width="2"
    viewBox="0 0 24 24"
    width="24"
    xmlns="http://www.w3.org/2000/svg"
  >
    <circle
      cx="11"
      cy="11"
      r="8"
    />
    <path
      d="m21 21-4.3-4.3"
    />
  </svg>
  <input
    class="flex h-10 border border-input px-3 py-2 text-sm ring-offset-background file:border-0 file:bg-transparent file:text-sm file:font-medium placeholder:text-muted-foreground focus-visible:outline-none focus-visible:ring-2 focus-visible:ring-offset-2 disabled:cursor-not-allowed disabled:opacity-50 w-full md:w-[300px] pl-9 rounded-full bg-slate-100 focus-visible:ring-slate-200"
    placeholder="Search for a course"
    value=""
  />
</div>
`;

exports[`SearchInput Component renders input with correct placeholder 1`] = `
<div
  class="relative"
>
  <svg
    class="h-4 w-4 absolute top-3 left-3 text-slate-600"
    fill="none"
    height="24"
    stroke="currentColor"
    stroke-linecap="round"
    stroke-linejoin="round"
    stroke-width="2"
    viewBox="0 0 24 24"
    width="24"
    xmlns="http://www.w3.org/2000/svg"
  >
    <circle
      cx="11"
      cy="11"
      r="8"
    />
    <path
      d="m21 21-4.3-4.3"
    />
  </svg>
  <input
    class="flex h-10 border border-input px-3 py-2 text-sm ring-offset-background file:border-0 file:bg-transparent file:text-sm file:font-medium placeholder:text-muted-foreground focus-visible:outline-none focus-visible:ring-2 focus-visible:ring-offset-2 disabled:cursor-not-allowed disabled:opacity-50 w-full md:w-[300px] pl-9 rounded-full bg-slate-100 focus-visible:ring-slate-200"
    placeholder="Search for a course"
    value=""
  />
</div>
`;

exports[`SearchInput Component renders input with correct styling classes 1`] = `
<div
  class="relative"
>
  <svg
    class="h-4 w-4 absolute top-3 left-3 text-slate-600"
    fill="none"
    height="24"
    stroke="currentColor"
    stroke-linecap="round"
    stroke-linejoin="round"
    stroke-width="2"
    viewBox="0 0 24 24"
    width="24"
    xmlns="http://www.w3.org/2000/svg"
  >
    <circle
      cx="11"
      cy="11"
      r="8"
    />
    <path
      d="m21 21-4.3-4.3"
    />
  </svg>
  <input
    class="flex h-10 border border-input px-3 py-2 text-sm ring-offset-background file:border-0 file:bg-transparent file:text-sm file:font-medium placeholder:text-muted-foreground focus-visible:outline-none focus-visible:ring-2 focus-visible:ring-offset-2 disabled:cursor-not-allowed disabled:opacity-50 w-full md:w-[300px] pl-9 rounded-full bg-slate-100 focus-visible:ring-slate-200"
    placeholder="Search for a course"
    value=""
  />
</div>
`;

exports[`SearchInput Component renders search input correctly 1`] = `
<div
  class="relative"
>
  <svg
    class="h-4 w-4 absolute top-3 left-3 text-slate-600"
    fill="none"
    height="24"
    stroke="currentColor"
    stroke-linecap="round"
    stroke-linejoin="round"
    stroke-width="2"
    viewBox="0 0 24 24"
    width="24"
    xmlns="http://www.w3.org/2000/svg"
  >
    <circle
      cx="11"
      cy="11"
      r="8"
    />
    <path
      d="m21 21-4.3-4.3"
    />
  </svg>
  <input
    class="flex h-10 border border-input px-3 py-2 text-sm ring-offset-background file:border-0 file:bg-transparent file:text-sm file:font-medium placeholder:text-muted-foreground focus-visible:outline-none focus-visible:ring-2 focus-visible:ring-offset-2 disabled:cursor-not-allowed disabled:opacity-50 w-full md:w-[300px] pl-9 rounded-full bg-slate-100 focus-visible:ring-slate-200"
    placeholder="Search for a course"
    value=""
  />
</div>
`;

exports[`SearchInput Component renders search input with search icon 1`] = `
<div
  class="relative"
>
  <svg
    class="h-4 w-4 absolute top-3 left-3 text-slate-600"
    fill="none"
    height="24"
    stroke="currentColor"
    stroke-linecap="round"
    stroke-linejoin="round"
    stroke-width="2"
    viewBox="0 0 24 24"
    width="24"
    xmlns="http://www.w3.org/2000/svg"
  >
    <circle
      cx="11"
      cy="11"
      r="8"
    />
    <path
      d="m21 21-4.3-4.3"
    />
  </svg>
  <input
    class="flex h-10 border border-input px-3 py-2 text-sm ring-offset-background file:border-0 file:bg-transparent file:text-sm file:font-medium placeholder:text-muted-foreground focus-visible:outline-none focus-visible:ring-2 focus-visible:ring-offset-2 disabled:cursor-not-allowed disabled:opacity-50 w-full md:w-[300px] pl-9 rounded-full bg-slate-100 focus-visible:ring-slate-200"
    placeholder="Search for a course"
    value=""
  />
</div>
`;
